<?xml version="1.0" encoding="utf-8" ?><dwsync><file name="index.js.snap" server="ftpupload.net//htdocs/" local="3698238029" remote="321155981393742688" Dst="-1" /></dwsync>